00:00:08 - DEBUG - Namespace(mzml='L:\\ZC\\LF_data\\2023_10_02_QC_LF_DIA_E240.mzML', diaPASEF=False, speclib='L:\\ZC\\LF_data\\HBthermo_PrositFrags.tsv', use_rt=True, use_features=True, atleast_m=3, threads=10, ppm=10, output_folder='xyz', ms2_align=False, timeplex=False, num_timeplex=0, iso=False, unmatched='c', decoy='rev', mTRAQ=False, tag='None', num_iso=2, pp_file='', timspeak_file='', lib_frac=0.5, dummy_value=None, plexDIA=False, use_emp_rt=False, unfiltered_quant=True, score_lib_frac=0.5, user_rt_tol=False, rt_tol=0.5, initial_percentile=50, user_percentile=False, no_ms1_req=True, ms1_ppm=0, config_json=None, test_mode=False, test_rt_min=0, test_rt_max=10, test_mz_min=400, test_mz_max=800)
00:00:08 - INFO - Using configuration:
00:00:08 - INFO - Namespace(mzml='L:\\ZC\\LF_data\\2023_10_02_QC_LF_DIA_E240.mzML', diaPASEF=False, speclib='L:\\ZC\\LF_data\\HBthermo_PrositFrags.tsv', use_rt=True, use_features=True, atleast_m=3, threads=10, ppm=10, output_folder='xyz', ms2_align=False, timeplex=False, num_timeplex=0, iso=False, unmatched='c', decoy='rev', mTRAQ=False, tag='None', num_iso=2, pp_file='', timspeak_file='', lib_frac=0.5, dummy_value=None, plexDIA=False, use_emp_rt=False, unfiltered_quant=True, score_lib_frac=0.5, user_rt_tol=False, rt_tol=0.5, initial_percentile=50, user_percentile=False, no_ms1_req=True, ms1_ppm=0, config_json=None, test_mode=False, test_rt_min=0, test_rt_max=10, test_mz_min=400, test_mz_max=800)
00:00:08 - INFO - loading Dinosaur features
00:00:08 - INFO - Results will be saved to C:\Users\zcohe\Jmod\ms1_cor_channels_testing\xyz\2023_10_02_QC_LF_DIA_E240_results
00:00:08 - INFO - Loading Library...
00:00:09 - INFO - Loading Library... from pickle
00:00:12 - INFO - Loaded 21743 library precursors
00:00:12 - INFO - finished
00:00:12 - INFO - Loading Spectra...
00:00:12 - INFO - Loading Spectra... from pickle
00:00:33 - INFO - Loaded 1074 MS1 spectra
00:00:33 - INFO - Loaded 16095 MS2 spectra
00:00:33 - INFO - finished
00:00:33 - INFO - Initial search
00:01:23 - INFO - Filtering IDs from initial search
00:01:24 - INFO - Testing Percentile: 20, Ratio: 0.0914, #IDs: 4257
00:01:25 - INFO - Testing Percentile: 25, Ratio: 0.0948, #IDs: 3619
00:01:26 - INFO - Testing Percentile: 30, Ratio: 0.0938, #IDs: 3029
00:01:27 - INFO - Testing Percentile: 35, Ratio: 0.1183, #IDs: 2477
00:01:28 - INFO - Testing Percentile: 40, Ratio: 0.1209, #IDs: 1993
00:01:28 - INFO - Testing Percentile: 45, Ratio: 0.1261, #IDs: 1633
00:01:29 - INFO - Testing Percentile: 50, Ratio: 0.1243, #IDs: 1303
00:01:30 - INFO - Testing Percentile: 55, Ratio: 0.1227, #IDs: 994
00:01:30 - INFO - Testing Percentile: 60, Ratio: 0.1304, #IDs: 736
00:01:30 - INFO - 60 0.1304 736
00:01:30 - INFO - Trying RT Prediction
00:01:30 - INFO - 631 peptides considered for fine tuning
00:01:30 - DEBUG - C:\Users\zcohe\Jmod\ms1_cor_channels_testing\src
00:01:30 - INFO - Training data size: (567, 30, 20), Test data size: (64, 30, 20)
00:01:31 - INFO - Successfully loaded model 0 directly
00:01:32 - INFO - Successfully loaded model 1 directly
00:01:34 - INFO - Successfully loaded model 2 directly
00:01:34 - INFO - Returning 3 models of types: ['Sequential', 'Sequential', 'Sequential']
00:01:34 - INFO - Loaded 3 models
00:01:34 - INFO - Attempting prediction with model of type Sequential
00:01:34 - INFO - Used predict() method, result type: ndarray
00:01:34 - INFO - Prediction shape: (64, 1)
00:01:34 - INFO - Successfully added prediction to model_outputs
00:01:34 - INFO - Attempting prediction with model of type Sequential
00:01:35 - INFO - Used predict() method, result type: ndarray
00:01:35 - INFO - Prediction shape: (64, 1)
00:01:35 - INFO - Successfully added prediction to model_outputs
00:01:35 - INFO - Attempting prediction with model of type Sequential
00:01:35 - INFO - Used predict() method, result type: ndarray
00:01:35 - INFO - Prediction shape: (64, 1)
00:01:35 - INFO - Successfully added prediction to model_outputs
00:01:35 - INFO - Number of model outputs collected: 3
00:01:35 - INFO - Model output 0 type: ndarray shape: (64, 1)
00:01:35 - INFO - Model output 1 type: ndarray shape: (64, 1)
00:01:35 - INFO - Model output 2 type: ndarray shape: (64, 1)
00:01:35 - INFO - Attempting to average 3 model outputs
00:01:35 - INFO - Original predictions shape: (64, 1)
00:01:35 - INFO - Y_test shape: (64,)
00:01:35 - INFO - Flattened predictions shape: (64,)
00:01:35 - INFO - First few values of predictions: [ 68.90086   71.360016 -27.838707  52.361233  29.107706]
00:01:35 - INFO - First few values of Y_test: [30.78532407 30.88610743 15.03263556 30.15574536 25.41110246]
00:01:35 - INFO - Not enough IDs for fine tuning
00:01:35 - INFO - Using base model for predictions
00:01:47 - INFO - Empirical Library Chosen
00:01:47 - INFO - Fitted Exponential to RT errors
00:01:47 - INFO - Optimized RT tolerance: 0.15157054068444376
00:01:47 - INFO - Optimized MS1 tolerance: 4.1662274945045394e-06
00:02:10 - INFO - Creating Decoy Library
00:02:20 - INFO - ... Finished Decoy Library
00:02:20 - INFO - Starting Search
00:02:22 - INFO - Fitting batch 1 of 10
00:02:24 - INFO - Fit 1610 spectra in 0 mins and 2 sec
00:02:24 - INFO - Fitting batch 2 of 10
00:02:25 - INFO - Fit 1610 spectra in 0 mins and 2 sec
00:02:25 - INFO - Fitting batch 3 of 10
00:02:27 - INFO - Fit 1610 spectra in 0 mins and 2 sec
00:02:27 - INFO - Fitting batch 4 of 10
00:02:37 - INFO - Fit 1610 spectra in 0 mins and 10 sec
00:02:37 - INFO - Fitting batch 5 of 10
00:02:58 - INFO - Fit 1610 spectra in 0 mins and 21 sec
00:02:59 - INFO - Fitting batch 6 of 10
00:03:26 - INFO - Fit 1610 spectra in 0 mins and 27 sec
00:03:26 - INFO - Fitting batch 7 of 10
00:03:53 - INFO - Fit 1610 spectra in 0 mins and 27 sec
00:03:55 - INFO - Fitting batch 8 of 10
00:04:08 - INFO - Fit 1610 spectra in 0 mins and 14 sec
00:04:09 - INFO - Fitting batch 9 of 10
00:04:11 - INFO - Fit 1610 spectra in 0 mins and 2 sec
00:04:11 - INFO - Fitting batch 10 of 10
00:04:12 - INFO - Fit 1605 spectra in 0 mins and 1 sec
00:04:12 - INFO - Adding median-based features for 4 metrics...
00:04:12 - INFO -   Added diff_gof_stats_from_median (mean for NA values: nan)
00:04:12 - INFO -   Summary stats: min=nan, max=nan, mean=nan
00:04:12 - INFO -   Added diff_scribe_scores_from_median (mean for NA values: nan)
00:04:12 - INFO -   Summary stats: min=nan, max=nan, mean=nan
00:04:12 - INFO -   Added diff_max_matched_residuals_from_median (mean for NA values: nan)
00:04:12 - INFO -   Summary stats: min=nan, max=nan, mean=nan
00:04:12 - INFO -   Added diff_manhattan_distances_from_median (mean for NA values: nan)
00:04:12 - INFO -   Summary stats: min=nan, max=nan, mean=nan
00:04:13 - INFO - Scoring IDs
00:04:13 - INFO - Total samples: 12537, Positive: 9480, Negative: 3057
00:04:29 - INFO - Performing MS1 Quantitation
00:04:29 - INFO - Fitting precursors individually
